{
   "modules": [
      {
         "name": "form",
         "classes": [
            {
               "name": "ComboBox",
               "properties": [
                  {
                     "name": "someProp",
                     "type": "String",
                     "default": "\"whatever\"",
                     "examples": [
                        " this.someProp = \"val\";"
                     ]
                  }
               ],
               "methods": [
                  {
                     "name": "methodA",
                     "chainable": "true",
                     "params": [
                        {
                           "name": "str",
                           "description": "A string",
                           "type": "String"
                        },
                        {
                           "name": "num",
                           "description": "A number",
                           "type": "Number"
                        }
                     ],
                     "returns": {
                        "description": "return val",
                        "type": "Number"
                     }
                  },
                  {
                     "name": "methodA",
                     "chainable": null,
                     "returns": {
                        "description": "return val",
                        "type": "Boolean"
                     }
                  }
               ],
               "description": "The description for ComboBox",
               "extends": "Object",
               "uses": [
                  "clive.txt",
                  "hater.txt"
               ],
               "constructorArgs": [
                  {
                     "name": "arg1",
                     "description": "arg1 description",
                     "type": "String"
                  },
                  {
                     "name": "arg2",
                     "description": "arg2 description",
                     "type": "Number"
                  }
               ]
            },
            {
               "name": "Select",
               "properties": [
                  {
                     "name": "someProp",
                     "type": "String",
                     "default": "\"whatever\"",
                     "examples": [
                        "\nset a value: \n\n    this.someProp = \"val\";"
                     ],
                     "description": "A property called someProp"
                  },
                  {
                     "name": "anotherProp",
                     "type": "String",
                     "default": "\"don't care\"",
                     "examples": [
                        " this.anotherProp = \"val\";"
                     ]
                  }
               ],
               "methods": [
                  {
                     "name": "methodA",
                     "chainable": "true",
                     "params": [
                        {
                           "name": "str",
                           "description": "A string",
                           "type": "String"
                        },
                        {
                           "name": "num",
                           "description": "A number",
                           "type": "Number"
                        }
                     ],
                     "returns": {
                        "description": "return val",
                        "type": "Number"
                     },
                     "examples": [
                        "\nTHis is how to use it: \n\n    select.methodA(some, shit);\n"
                     ]
                  },
                  {
                     "name": "methodB",
                     "description": "This is Method B",
                     "chainable": null,
                     "params": [
                        {
                           "name": "str",
                           "description": "A string",
                           "type": "String"
                        },
                        {
                           "name": "num",
                           "description": "A number",
                           "type": "Number"
                        }
                     ],
                     "returns": {
                        "description": "return val",
                        "type": "Number"
                     }
                  }
               ],
               "description": "The description for Select",
               "extends": "Object",
               "uses": [
                  "clive.txt",
                  "hater.txt"
               ],
               "constructorArgs": [
                  {
                     "name": "arg1",
                     "description": "arg1 description",
                     "type": "String"
                  },
                  {
                     "name": "arg2",
                     "description": "arg2 description",
                     "type": "Number"
                  }
               ],
               "examples": [
                  " var select = new Select(one, two);"
               ]
            },
            {
               "name": "UselessMixin",
               "properties": [],
               "methods": [],
               "description": "waste of space"
            }
         ]
      }
   ]
}